<html>
<body>
<pre>
<h1>µVision Build Log</h1>
<h2>Tool Versions:</h2>
IDE-Version: ¦ÌVision V5.29.0.0
Copyright (C) 2019 ARM Ltd and ARM Germany GmbH. All rights reserved.
License Information: h k, k, LIC=6XJHL-0JG5F-FZIWU-SJLZ2-GS941-FYYPU
 
Tool Versions:
Toolchain:       MDK-ARM Professional  Version: 5.29.0.0
Toolchain Path:  C:\Keil_v5\ARM\ARMCC\Bin
C Compiler:      Armcc.exe V5.06 update 6 (build 750)
Assembler:       Armasm.exe V5.06 update 6 (build 750)
Linker/Locator:  ArmLink.exe V5.06 update 6 (build 750)
Library Manager: ArmAr.exe V5.06 update 6 (build 750)
Hex Converter:   FromElf.exe V5.06 update 6 (build 750)
CPU DLL:         SARMCM3.DLL V5.29.0.0
Dialog DLL:      DARMCM1.DLL V1.19.2.0
Target DLL:      Segger\JL2CM3.dll V2.99.36.0
Dialog DLL:      TARMCM1.DLL V1.14.1.0
 
<h2>Project:</h2>
C:\D\research\Conference\BTH\MDK-ARM\Cube.uvprojx
Project File Date:  04/13/2020

<h2>Output:</h2>
*** Using Compiler 'V5.06 update 6 (build 750)', folder: 'C:\Keil_v5\ARM\ARMCC\Bin'
Build target 'Cube'
compiling main.c...
../Inc/main.h(66): warning:  #1295-D: Deprecated declaration EnterStop - give arg types
  void EnterStop();
..\Sys\usart.h(6): warning:  #1-D: last line of file ends without a newline
  #endif
..\Sys\sys.h(40): warning:  #1-D: last line of file ends without a newline
  #endif
..\App\led.h(9): warning:  #1295-D: Deprecated declaration ledChargeOff - give arg types
  void ledChargeOff();
..\App\led.h(10): warning:  #1295-D: Deprecated declaration BatWarn - give arg types
  void BatWarn();
..\App\led.h(13): warning:  #1-D: last line of file ends without a newline
  #endif
..\App\adc.h(9): warning:  #1-D: last line of file ends without a newline
  #endif
..\App\rtc.h(7): warning:  #1-D: last line of file ends without a newline
  #endif
..\App\timer.h(10): warning:  #1-D: last line of file ends without a newline
  #endif
..\App\key.h(6): warning:  #1-D: last line of file ends without a newline
  #endif
..\App\input.h(7): warning:  #1295-D: Deprecated declaration getChargeFinish - give arg types
  u8 getChargeFinish();
..\App\input.h(9): warning:  #1-D: last line of file ends without a newline
  #endif
..\App\app.h(8): warning:  #1295-D: Deprecated declaration modeChange - give arg types
  void modeChange();
..\App\app.h(9): warning:  #1295-D: Deprecated declaration appPause - give arg types
  void appPause();
..\App\app.h(10): warning:  #1295-D: Deprecated declaration appContuine - give arg types
  void appContuine();
..\App\app.h(11): warning:  #1295-D: Deprecated declaration Tick - give arg types
  void Tick();
..\App\app.h(12): warning:  #1295-D: Deprecated declaration getTick - give arg types
  long getTick();
..\App\app.h(13): warning:  #1295-D: Deprecated declaration clearTick - give arg types
  void clearTick();
..\App\app.h(14): warning:  #1295-D: Deprecated declaration sleep - give arg types
  void sleep();
..\App\app.h(15): warning:  #1295-D: Deprecated declaration ifMode4 - give arg types
  u8 ifMode4();
..\App\app.h(16): warning:  #1295-D: Deprecated declaration getOnOff - give arg types
  u8 getOnOff();
..\App\app.h(18): warning:  #1295-D: Deprecated declaration getBatStaus - give arg types
  int getBatStaus();
..\App\app.h(19): warning:  #1-D: last line of file ends without a newline
  #endif
../Src/main.c(32): warning:  #1295-D: Deprecated declaration EnterStop - give arg types
  void EnterStop();
../Src/main.c(46): warning:  #223-D: function "printf" declared implicitly
  	printf("sys start11111111111111111111111111111111111111111111111111111111\r\n");
../Src/main.c(137): warning:  #223-D: function "printf" declared implicitly
  	printf("enter stop\r\n");
../Src/main.c(168): warning:  #1-D: last line of file ends without a newline
  }
../Src/main.c: 27 warnings, 0 errors
linking...
Program Size: Code=10584 RO-data=328 RW-data=88 ZI-data=1384  
FromELF: creating hex file...
"Cube\Cube.axf" - 0 Error(s), 27 Warning(s).

<h2>Software Packages used:</h2>

Package Vendor: ARM
                http://www.keil.com/pack/ARM.CMSIS.5.6.0.pack
                ARM.CMSIS.5.6.0
                CMSIS (Cortex Microcontroller Software Interface Standard)
   * Component: CORE Version: 5.3.0

Package Vendor: Keil
                http://www.keil.com/pack/Keil.STM32L0xx_DFP.2.0.1.pack
                Keil.STM32L0xx_DFP.2.0.1
                STMicroelectronics STM32L0 Series Device Support, Drivers and Examples

<h2>Collection of Component include folders:</h2>
  .\RTE\_Cube
  C:\Users\hkzju\AppData\Local\Arm\Packs\ARM\CMSIS\5.6.0\CMSIS\Core\Include
  C:\Users\hkzju\AppData\Local\Arm\Packs\Keil\STM32L0xx_DFP\2.0.1\Drivers\CMSIS\Device\ST\STM32L0xx\Include

<h2>Collection of Component Files used:</h2>

   * Component: ARM::CMSIS:CORE:5.3.0
Build Time Elapsed:  00:00:02
</pre>
</body>
</html>
