<html>
<body>
<pre>
<h1>µVision Build Log</h1>
<h2>Tool Versions:</h2>
IDE-Version: ¦ÌVision V5.25.2.0
Copyright (C) 2018 ARM Ltd and ARM Germany GmbH. All rights reserved.
License Information: hu kang, zju, LIC=S5IHL-0PSCN-BVY1G-VMP1V-VPY18-SPZFF
 
Tool Versions:
Toolchain:       MDK-ARM Professional  Version: 5.25.2.0
Toolchain Path:  C:\Keil_v5\ARM\ARMCC\Bin
C Compiler:      Armcc.exe V5.06 update 6 (build 750)
Assembler:       Armasm.exe V5.06 update 6 (build 750)
Linker/Locator:  ArmLink.exe V5.06 update 6 (build 750)
Library Manager: ArmAr.exe V5.06 update 6 (build 750)
Hex Converter:   FromElf.exe V5.06 update 6 (build 750)
CPU DLL:         SARMCM3.DLL V5.25.2.0
Dialog DLL:      DARMCM1.DLL V1.19.1.0
Target DLL:      Segger\JL2CM3.dll V2.99.29.0
Dialog DLL:      TARMCM1.DLL V1.14.0.0
 
<h2>Project:</h2>
C:\Users\iDea\Desktop\mdk\fm\MDK-ARM\Cube.uvprojx
Project File Date:  09/02/2019

<h2>Output:</h2>
*** Using Compiler 'V5.06 update 6 (build 750)', folder: 'C:\Keil_v5\ARM\ARMCC\Bin'
Build target 'Cube'
assembling startup_stm32l010x4.s...
compiling stm32l0xx_it.c...
../Src/stm32l0xx_it.c(178): warning:  #1-D: last line of file ends without a newline
  }
../Src/stm32l0xx_it.c: 1 warning, 0 errors
compiling main.c...
..\Sys\usart.h(6): warning:  #1-D: last line of file ends without a newline
  #endif
..\Sys\sys.h(39): warning:  #1-D: last line of file ends without a newline
  #endif
..\App\led.h(9): warning:  #1295-D: Deprecated declaration ledChargeOff - give arg types
  void ledChargeOff();
..\App\led.h(10): warning:  #1295-D: Deprecated declaration BatWarn - give arg types
  void BatWarn();
..\App\led.h(13): warning:  #1-D: last line of file ends without a newline
  #endif
..\App\adc.h(9): warning:  #1-D: last line of file ends without a newline
  #endif
..\App\rtc.h(7): warning:  #1-D: last line of file ends without a newline
  #endif
..\App\timer.h(10): warning:  #1-D: last line of file ends without a newline
  #endif
..\App\key.h(6): warning:  #1-D: last line of file ends without a newline
  #endif
..\App\input.h(7): warning:  #1295-D: Deprecated declaration getChargeFinish - give arg types
  u8 getChargeFinish();
..\App\input.h(9): warning:  #1-D: last line of file ends without a newline
  #endif
..\App\app.h(8): warning:  #1295-D: Deprecated declaration modeChange - give arg types
  void modeChange();
..\App\app.h(9): warning:  #1295-D: Deprecated declaration appPause - give arg types
  void appPause();
..\App\app.h(10): warning:  #1295-D: Deprecated declaration appContuine - give arg types
  void appContuine();
..\App\app.h(11): warning:  #1295-D: Deprecated declaration Tick - give arg types
  void Tick();
..\App\app.h(12): warning:  #1295-D: Deprecated declaration getTick - give arg types
  long getTick();
..\App\app.h(13): warning:  #1295-D: Deprecated declaration clearTick - give arg types
  void clearTick();
..\App\app.h(14): warning:  #1295-D: Deprecated declaration sleep - give arg types
  void sleep();
..\App\app.h(15): warning:  #1295-D: Deprecated declaration ifMode4 - give arg types
  u8 ifMode4();
..\App\app.h(16): warning:  #1295-D: Deprecated declaration getOnOff - give arg types
  u8 getOnOff();
..\App\app.h(18): warning:  #1-D: last line of file ends without a newline
  #endif
..\Sys\dog.h(7): warning:  #1295-D: Deprecated declaration feedDog - give arg types
  void feedDog();
..\Sys\dog.h(8): warning:  #1-D: last line of file ends without a newline
  #endif
../Src/main.c(127): warning:  #1-D: last line of file ends without a newline
  }
../Src/main.c: 24 warnings, 0 errors
compiling stm32l0xx_hal_msp.c...
../Src/stm32l0xx_hal_msp.c(373): warning:  #1-D: last line of file ends without a newline
  }
../Src/stm32l0xx_hal_msp.c: 1 warning, 0 errors
compiling stm32l0xx_hal_adc_ex.c...
compiling stm32l0xx_hal_adc.c...
compiling stm32l0xx_hal_rtc.c...
compiling stm32l0xx_hal_tim_ex.c...
compiling stm32l0xx_hal_rtc_ex.c...
compiling stm32l0xx_hal_tim.c...
compiling stm32l0xx_hal_uart_ex.c...
compiling stm32l0xx_hal_uart.c...
compiling stm32l0xx_hal.c...
compiling stm32l0xx_hal_i2c_ex.c...
compiling stm32l0xx_hal_i2c.c...
compiling stm32l0xx_hal_rcc.c...
compiling stm32l0xx_hal_rcc_ex.c...
compiling stm32l0xx_hal_flash_ramfunc.c...
compiling stm32l0xx_hal_flash.c...
compiling stm32l0xx_hal_flash_ex.c...
compiling stm32l0xx_hal_gpio.c...
compiling stm32l0xx_hal_dma.c...
compiling stm32l0xx_hal_pwr_ex.c...
compiling stm32l0xx_hal_pwr.c...
compiling stm32l0xx_hal_cortex.c...
compiling stm32l0xx_hal_wwdg.c...
compiling stm32l0xx_hal_iwdg.c...
compiling system_stm32l0xx.c...
compiling sys.c...
..\Sys\sys.h(39): warning:  #1-D: last line of file ends without a newline
  #endif
..\Sys\sys.c(56): warning:  #1-D: last line of file ends without a newline
  }
..\Sys\sys.c: 2 warnings, 0 errors
compiling dog.c...
..\Sys\sys.h(39): warning:  #1-D: last line of file ends without a newline
  #endif
..\Sys\dog.h(7): warning:  #1295-D: Deprecated declaration feedDog - give arg types
  void feedDog();
..\Sys\dog.h(8): warning:  #1-D: last line of file ends without a newline
  #endif
..\Sys\dog.c(34): warning:  #1-D: last line of file ends without a newline
  }
..\Sys\dog.c: 4 warnings, 0 errors
compiling usart.c...
..\Sys\usart.h(6): warning:  #1-D: last line of file ends without a newline
  #endif
..\Sys\sys.h(39): warning:  #1-D: last line of file ends without a newline
  #endif
..\Sys\usart.c(60): warning:  #1-D: last line of file ends without a newline
  }
..\Sys\usart.c: 3 warnings, 0 errors
compiling adc.c...
..\Sys\sys.h(39): warning:  #1-D: last line of file ends without a newline
  #endif
..\App\adc.h(9): warning:  #1-D: last line of file ends without a newline
  #endif
..\App\adc.c(85): warning:  #1-D: last line of file ends without a newline
  }
..\App\adc.c: 3 warnings, 0 errors
compiling rtc.c...
..\Sys\sys.h(39): warning:  #1-D: last line of file ends without a newline
  #endif
..\App\rtc.h(7): warning:  #1-D: last line of file ends without a newline
  #endif
..\App\rtc.c(34): warning:  #1-D: last line of file ends without a newline
  }
..\App\rtc.c: 3 warnings, 0 errors
compiling led.c...
..\Sys\sys.h(39): warning:  #1-D: last line of file ends without a newline
  #endif
..\App\led.h(9): warning:  #1295-D: Deprecated declaration ledChargeOff - give arg types
  void ledChargeOff();
..\App\led.h(10): warning:  #1295-D: Deprecated declaration BatWarn - give arg types
  void BatWarn();
..\App\led.h(13): warning:  #1-D: last line of file ends without a newline
  #endif
..\App\led.c(122): warning:  #1-D: last line of file ends without a newline
  }
..\App\led.c: 5 warnings, 0 errors
compiling input.c...
..\Sys\sys.h(39): warning:  #1-D: last line of file ends without a newline
  #endif
..\App\input.h(7): warning:  #1295-D: Deprecated declaration getChargeFinish - give arg types
  u8 getChargeFinish();
..\App\input.h(9): warning:  #1-D: last line of file ends without a newline
  #endif
..\App\input.c(42): warning:  #1-D: last line of file ends without a newline
  }
..\App\input.c: 4 warnings, 0 errors
compiling key.c...
..\Sys\sys.h(39): warning:  #1-D: last line of file ends without a newline
  #endif
..\App\key.h(6): warning:  #1-D: last line of file ends without a newline
  #endif
..\App\led.h(9): warning:  #1295-D: Deprecated declaration ledChargeOff - give arg types
  void ledChargeOff();
..\App\led.h(10): warning:  #1295-D: Deprecated declaration BatWarn - give arg types
  void BatWarn();
..\App\led.h(13): warning:  #1-D: last line of file ends without a newline
  #endif
..\App\timer.h(10): warning:  #1-D: last line of file ends without a newline
  #endif
..\App\app.h(8): warning:  #1295-D: Deprecated declaration modeChange - give arg types
  void modeChange();
..\App\app.h(9): warning:  #1295-D: Deprecated declaration appPause - give arg types
  void appPause();
..\App\app.h(10): warning:  #1295-D: Deprecated declaration appContuine - give arg types
  void appContuine();
..\App\app.h(11): warning:  #1295-D: Deprecated declaration Tick - give arg types
  void Tick();
..\App\app.h(12): warning:  #1295-D: Deprecated declaration getTick - give arg types
  long getTick();
..\App\app.h(13): warning:  #1295-D: Deprecated declaration clearTick - give arg types
  void clearTick();
..\App\app.h(14): warning:  #1295-D: Deprecated declaration sleep - give arg types
  void sleep();
..\App\app.h(15): warning:  #1295-D: Deprecated declaration ifMode4 - give arg types
  u8 ifMode4();
..\App\app.h(16): warning:  #1295-D: Deprecated declaration getOnOff - give arg types
  u8 getOnOff();
..\App\app.h(18): warning:  #1-D: last line of file ends without a newline
  #endif
..\App\input.h(7): warning:  #1295-D: Deprecated declaration getChargeFinish - give arg types
  u8 getChargeFinish();
..\App\input.h(9): warning:  #1-D: last line of file ends without a newline
  #endif
..\Sys\dog.h(7): warning:  #1295-D: Deprecated declaration feedDog - give arg types
  void feedDog();
..\Sys\dog.h(8): warning:  #1-D: last line of file ends without a newline
  #endif
..\App\key.c: 20 warnings, 0 errors
compiling timer.c...
..\Sys\sys.h(39): warning:  #1-D: last line of file ends without a newline
  #endif
..\App\timer.h(10): warning:  #1-D: last line of file ends without a newline
  #endif
..\App\timer.c(76): warning:  #177-D: variable "sClockSourceConfig"  was declared but never referenced
    TIM_ClockConfigTypeDef sClockSourceConfig = {0};
..\App\timer.c(77): warning:  #177-D: variable "sMasterConfig"  was declared but never referenced
    TIM_MasterConfigTypeDef sMasterConfig = {0};
..\App\timer.c(110): warning:  #1-D: last line of file ends without a newline
  }
..\App\timer.c: 5 warnings, 0 errors
compiling app.c...
..\Sys\sys.h(39): warning:  #1-D: last line of file ends without a newline
  #endif
..\App\app.h(8): warning:  #1295-D: Deprecated declaration modeChange - give arg types
  void modeChange();
..\App\app.h(9): warning:  #1295-D: Deprecated declaration appPause - give arg types
  void appPause();
..\App\app.h(10): warning:  #1295-D: Deprecated declaration appContuine - give arg types
  void appContuine();
..\App\app.h(11): warning:  #1295-D: Deprecated declaration Tick - give arg types
  void Tick();
..\App\app.h(12): warning:  #1295-D: Deprecated declaration getTick - give arg types
  long getTick();
..\App\app.h(13): warning:  #1295-D: Deprecated declaration clearTick - give arg types
  void clearTick();
..\App\app.h(14): warning:  #1295-D: Deprecated declaration sleep - give arg types
  void sleep();
..\App\app.h(15): warning:  #1295-D: Deprecated declaration ifMode4 - give arg types
  u8 ifMode4();
..\App\app.h(16): warning:  #1295-D: Deprecated declaration getOnOff - give arg types
  u8 getOnOff();
..\App\app.h(18): warning:  #1-D: last line of file ends without a newline
  #endif
..\App\timer.h(10): warning:  #1-D: last line of file ends without a newline
  #endif
..\App\led.h(9): warning:  #1295-D: Deprecated declaration ledChargeOff - give arg types
  void ledChargeOff();
..\App\led.h(10): warning:  #1295-D: Deprecated declaration BatWarn - give arg types
  void BatWarn();
..\App\led.h(13): warning:  #1-D: last line of file ends without a newline
  #endif
..\App\app.c(125): warning:  #1-D: last line of file ends without a newline
  }
..\App\app.c: 16 warnings, 0 errors
compiling filter.c...
..\Sys\sys.h(39): warning:  #1-D: last line of file ends without a newline
  #endif
..\App\filter.c: 1 warning, 0 errors
linking...
Program Size: Code=7536 RO-data=252 RW-data=40 ZI-data=1272  
FromELF: creating hex file...
"Cube\Cube.axf" - 0 Error(s), 92 Warning(s).

<h2>Software Packages used:</h2>

Package Vendor: ARM
                http://www.keil.com/pack/ARM.CMSIS.5.3.0.pack
                ARM.CMSIS.5.3.0
                CMSIS (Cortex Microcontroller Software Interface Standard)
   * Component: CORE Version: 5.1.1

Package Vendor: Keil
                http://www.keil.com/pack/Keil.STM32L0xx_DFP.2.0.1.pack
                Keil.STM32L0xx_DFP.2.0.1
                STMicroelectronics STM32L0 Series Device Support, Drivers and Examples

<h2>Collection of Component include folders:</h2>
  .\RTE\_Cube
  C:\Keil_v5\ARM\PACK\ARM\CMSIS\5.3.0\CMSIS\Include
  C:\Keil_v5\ARM\PACK\Keil\STM32L0xx_DFP\2.0.1\Drivers\CMSIS\Device\ST\STM32L0xx\Include

<h2>Collection of Component Files used:</h2>

   * Component: ARM::CMSIS:CORE:5.1.1
Build Time Elapsed:  00:00:41
</pre>
</body>
</html>
